// Jest Snapshot v1, https://goo.gl/fbAQLP

exports[`App component snapshort testing 1`] = `
<div
  className="App"
>
  <MainPage />
</div>
`;
